Microchip MPLAB XC8 Compiler V2.45

Linker command line:

-W-3 \
  --edf=C:\Program Files\Microchip\xc8\v2.45\pic\dat\20230818022343_en.msgs \
  -cn -h+dist/default/production\Temp_meter.X.production.sym \
  --cmf=dist/default/production\Temp_meter.X.production.cmf -z -Q18F4620 \
  -oC:\Users\laphouse\AppData\Local\Temp\xcBscr0.1\driver_tmp_3.o \
  --defsym=__MPLAB_BUILD=1 --fixupoverflow=error \
  -Mdist/default/production/Temp_meter.X.production.map \
  --md=C:\Users\laphouse\AppData\Local\Temp\xcBscr0.1\driver_tmp_0.dat -E1 \
  -ver=XC8 Compiler --acfsm=1493 -ACODE=00h-0FFFFh -ACONST=00h-0FFFFh \
  -ASMALLCONST=01000h-010FFhx240 -AMEDIUMCONST=01000h-0FFFFh \
  -ACOMRAM=01h-07Fh -AABS1=00h-0F7Fh -ABIGRAM=01h-0F7Fh \
  -ARAM=080h-0FFh,0100h-01FFhx14,0F00h-0F7Fh -ABANK0=080h-0FFh \
  -ABANK1=0100h-01FFh -ABANK2=0200h-02FFh -ABANK3=0300h-03FFh \
  -ABANK4=0400h-04FFh -ABANK5=0500h-05FFh -ABANK6=0600h-06FFh \
  -ABANK7=0700h-07FFh -ABANK8=0800h-08FFh -ABANK9=0900h-09FFh \
  -ABANK10=0A00h-0AFFh -ABANK11=0B00h-0BFFh -ABANK12=0C00h-0CFFh \
  -ABANK13=0D00h-0DFFh -ABANK14=0E00h-0EFFh -ABANK15=0F00h-0F7Fh \
  -ASFR=0F80h-0FFFh -ABIGSFR=0F80h-0FFFh -ACONFIG=0300000h-030000Dh \
  -AIDLOC=0200000h-0200007h -AEEDATA=0F00000h-0F003FFh -peeprom_data=EEDATA \
  -preset_vec=00h,intcode=08h,intcodelo,powerup,init -pramtop=01000h \
  -psmallconst=SMALLCONST -pmediumconst=MEDIUMCONST -pconst=CONST \
  -AFARRAM=00h-00h \
  -prdata=COMRAM,nvrram=COMRAM,nvbit=COMRAM,rbss=COMRAM,rbit=COMRAM \
  -pfarbss=FARRAM,fardata=FARRAM,nvFARRAM=FARRAM \
  -pintsave_regs=BIGRAM,bigbss=BIGRAM,bigdata=BIGRAM -pbss=RAM \
  -pidata=CODE,irdata=CODE,ibigdata=CODE,ifardata=CODE -prparam=COMRAM \
  C:\Users\laphouse\AppData\Local\Temp\xcBscr0.1\driver_tmp_9.o \
  dist/default/production\Temp_meter.X.production.o 

Object code version is 3.11

Machine type is 18F4620



                Name                               Link     Load   Length Selector   Space Scale
C:\Users\laphouse\AppData\Local\Temp\xcBscr0.1\driver_tmp_9.o
                init                                  E        E        4        4       0
                reset_vec                             0        0        4        0       0
dist/default/production\Temp_meter.X.production.o
                intcode                               8        8        6        4       0
                temp                                 7D       7D        1        1       1
                smallconst                         1000     1000       12      800       0
                text35                             2A56     2A56        4     14F1       0
                text34                             2A52     2A52        4     14F1       0
                text33                             2A4E     2A4E        4     14F1       0
                text32                             2A4A     2A4A        4     14F1       0
                text31                             2A30     2A30       1A     14F1       0
                text30                             2A16     2A16       1A     14F1       0
                text29                             29FC     29FC       1A     14F1       0
                text28                             29E2     29E2       1A     14F1       0
                intcode_body                       143C     143C      2A6      809       0
                text26                             2302     2302       B8      809       0
                text25                             2096     2096       D8      809       0
                text24                             2950     2950       38      809       0
                text23                             2988     2988       22      809       0
                text22                             27A6     27A6       60      809       0
                text21                             2896     2896       40      809       0
                text20                             2850     2850       46      809       0
                text19                             246A     246A       AC      809       0
                text18                             1012     1012      42A      809       0
                text17                             1EA2     1EA2      108      809       0
                text16                             2602     2602       74      809       0
                text15                             26E0     26E0       64      809       0
                text14                             1932     1932      1B4      809       0
                text13                             1C6C     1C6C      126      809       0
                text12                             1D92     1D92      110      809       0
                text11                             28D6     28D6       3E      809       0
                text10                             258C     258C       76      809       0
                text9                              16E2     16E2      250      809       0
                text8                              2516     2516       76      809       0
                text7                              23BA     23BA       B0      809       0
                text6                              2914     2914       3C      809       0
                text5                              2676     2676       6A      809       0
                text4                              2806     2806       4A      809       0
                text3                              1FAA     1FAA       EC      809       0
                text2                              2238     2238       CA      809       0
                text1                              216E     216E       CA      809       0
                text0                              1AE6     1AE6      186      809       0
                cstackCOMRAM                          1        1       30        1       1
                cstackBANK0                          A6       A6        2       80       1
                dataBANK0                            80       80       1B       80       1
                bssBANK0                             9B       9B        B       80       1
                dataCOMRAM                           5B       5B       1C        1       1
                bssCOMRAM                            31       31       2A        1       1
                cinit                              2744     2744       62      809       0
                nvBANK0                              A8       A8        1       80       1
                nvCOMRAM                             77       77        6        1       1
                idataBANK0                         29C6     29C6       1B      809       0
                idataCOMRAM                        29AA     29AA       1C      809       0

TOTAL           Name                               Link     Load   Length     Space
        CLASS   CODE           
                intcode                               8        8        6         0
                init                                  E        E        4         0
                reset_vec                             0        0        4         0
                text35                             2A56     2A56        4         0
                text34                             2A52     2A52        4         0
                text33                             2A4E     2A4E        4         0
                text32                             2A4A     2A4A        4         0
                text31                             2A30     2A30       1A         0
                text30                             2A16     2A16       1A         0
                text29                             29FC     29FC       1A         0
                text28                             29E2     29E2       1A         0
                intcode_body                       143C     143C      2A6         0
                text26                             2302     2302       B8         0
                text25                             2096     2096       D8         0
                text24                             2950     2950       38         0
                text23                             2988     2988       22         0
                text22                             27A6     27A6       60         0
                text21                             2896     2896       40         0
                text20                             2850     2850       46         0
                text19                             246A     246A       AC         0
                text18                             1012     1012      42A         0
                text17                             1EA2     1EA2      108         0
                text16                             2602     2602       74         0
                text15                             26E0     26E0       64         0
                text14                             1932     1932      1B4         0
                text13                             1C6C     1C6C      126         0
                text12                             1D92     1D92      110         0
                text11                             28D6     28D6       3E         0
                text10                             258C     258C       76         0
                text9                              16E2     16E2      250         0
                text8                              2516     2516       76         0
                text7                              23BA     23BA       B0         0
                text6                              2914     2914       3C         0
                text5                              2676     2676       6A         0
                text4                              2806     2806       4A         0
                text3                              1FAA     1FAA       EC         0
                text2                              2238     2238       CA         0
                text1                              216E     216E       CA         0
                text0                              1AE6     1AE6      186         0
                cinit                              2744     2744       62         0
                idataBANK0                         29C6     29C6       1B         0
                idataCOMRAM                        29AA     29AA       1C         0

        CLASS   CONST          

        CLASS   SMALLCONST     
                smallconst                         1000     1000       12         0

        CLASS   MEDIUMCONST    

        CLASS   COMRAM         
                temp                                 7D       7D        1         1
                cstackCOMRAM                          1        1       30         1
                dataCOMRAM                           5B       5B       1C         1
                bssCOMRAM                            31       31       2A         1
                nvCOMRAM                             77       77        6         1

        CLASS   ABS1           

        CLASS   BIGRAM         

        CLASS   RAM            

        CLASS   BANK0          
                cstackBANK0                          A6       A6        2         1
                dataBANK0                            80       80       1B         1
                bssBANK0                             9B       9B        B         1
                nvBANK0                              A8       A8        1         1

        CLASS   BANK1          

        CLASS   BANK2          

        CLASS   BANK3          

        CLASS   BANK4          

        CLASS   BANK5          

        CLASS   BANK6          

        CLASS   BANK7          

        CLASS   BANK8          

        CLASS   BANK9          

        CLASS   BANK10         

        CLASS   BANK11         

        CLASS   BANK12         

        CLASS   BANK13         

        CLASS   BANK14         

        CLASS   BANK15         

        CLASS   SFR            

        CLASS   BIGSFR         

        CLASS   CONFIG         

        CLASS   IDLOC          

        CLASS   EEDATA         

        CLASS   FARRAM         

        CLASS   HEAP           

        CLASS   STACK          



SEGMENTS        Name                           Load    Length   Top    Selector   Space  Class

                reset_vec                      000000  000004  000004         0       0  CODE    
                cstackCOMRAM                   000001  00007D  00007E         1       1  COMRAM  
                intcode                        000008  00000A  000012         4       0  CODE    
                dataBANK0                      000080  000029  0000A9        80       1  BANK0   
                smallconst                     001000  000012  001012       800       0  SMALLCON
                text18                         001012  0019CF  0029E1       809       0  CODE    
                text28                         0029E2  000078  002A5A      14F1       0  CODE    


UNUSED ADDRESS RANGES

        Name                Unused          Largest block    Delta
        BANK0            00A9-00FF             57
        BANK1            0100-01FF            100
        BANK10           0A00-0AFF            100
        BANK11           0B00-0BFF            100
        BANK12           0C00-0CFF            100
        BANK13           0D00-0DFF            100
        BANK14           0E00-0EFF            100
        BANK15           0F00-0F7F             80
        BANK2            0200-02FF            100
        BANK3            0300-03FF            100
        BANK4            0400-04FF            100
        BANK5            0500-05FF            100
        BANK6            0600-06FF            100
        BANK7            0700-07FF            100
        BANK8            0800-08FF            100
        BANK9            0900-09FF            100
        BIGRAM           007E-007F              2
                         00A9-0F7F            ED7
        BIGSFR           0F80-0FFF             80
        CODE             0004-0007              4
                         0012-0FFF            FEE
                         29E1-29E1              1
                         2A5A-FFFF           D5A6
        COMRAM           007E-007F              2
        CONFIG           300000-30000D              E
        CONST            0004-0007              4
                         0012-0FFF            FEE
                         29E1-29E1              1
                         2A5A-FFFF           D5A6
        EEDATA           F00000-F003FF            400
        IDLOC            200000-200007              8
        MEDIUMCONST      29E1-29E1              1
                         2A5A-FFFF           D5A6
        RAM              00A9-0F7F            100
        SFR              0F80-0FFF             80
        SMALLCONST       29E1-29E1              1
                         2A5A-FFFF            100

                                  Symbol Table

?___flmul                                    cstackCOMRAM 0010
?___fltol                                    cstackCOMRAM 0029
?___lwdiv                                    cstackCOMRAM 0002
?___lwmod                                    cstackCOMRAM 0002
?___xxtofl                                   cstackCOMRAM 0002
ADC_GetConversionResult@adc                  cstackCOMRAM 0002
ADC_GetConversionResult@conversion_result    cstackCOMRAM 0003
ADC_GetConversionResult@ret                  cstackCOMRAM 0007
ADC_GetConversion_Blocking@adc               cstackCOMRAM 0009
ADC_GetConversion_Blocking@channel           cstackCOMRAM 000A
ADC_GetConversion_Blocking@conversion_status cstackCOMRAM 000B
ADC_GetConversion_Blocking@ret               cstackCOMRAM 000C
ADC_Init@adc                                 cstackCOMRAM 0005
ADC_Init@ret                                 cstackCOMRAM 0007
ADC_SelectChannel@adc                        cstackCOMRAM 0005
ADC_SelectChannel@channel                    cstackCOMRAM 0006
ADC_SelectChannel@ret                        cstackCOMRAM 0008
ADC_StartConversion@adc                      cstackCOMRAM 0002
ADC_StartConversion@ret                      cstackCOMRAM 0003
RB4_ISR@RB4_Source                           cstackCOMRAM 0001
RB5_ISR@RB5_Source                           cstackCOMRAM 0001
RB6_ISR@RB6_Source                           cstackCOMRAM 0001
RB7_ISR@RB7_Source                           cstackCOMRAM 0001
_ADCON0bits                                  (abs)        0FC2
_ADCON1bits                                  (abs)        0FC1
_ADCON2bits                                  (abs)        0FC0
_ADC_GetConversionResult                     text26       2302
_ADC_GetConversion_Blocking                  text22       27A6
_ADC_ISR                                     text35       2A56
_ADC_Init                                    text19       246A
_ADC_InterruptHandler                        bssCOMRAM    0051
_ADC_SelectChannel                           text24       2950
_ADC_StartConversion                         text23       2988
_ADRESH                                      (abs)        0FC4
_ADRESL                                      (abs)        0FC3
_AIR_CONDITIONER                             dataCOMRAM   0073
_HEATER                                      dataCOMRAM   0075
_INT0_ISR                                    text34       2A52
_INT0_InterruptHandler                       bssCOMRAM    004F
_INT1_ISR                                    text33       2A4E
_INT1_InterruptHandler                       bssCOMRAM    004D
_INT2_ISR                                    text32       2A4A
_INT2_InterruptHandler                       bssCOMRAM    004B
_INTCON2bits                                 (abs)        0FF1
_INTCON3bits                                 (abs)        0FF0
_INTCONbits                                  (abs)        0FF2
_InterruptManager                            intcode      0008
_LATA                                        (abs)        0F89
_LATB                                        (abs)        0F8A
_LATC                                        (abs)        0F8B
_LATD                                        (abs)        0F8C
_LATE                                        (abs)        0F8D
_PIE1bits                                    (abs)        0F9D
_PIR1bits                                    (abs)        0F9E
_PORTA                                       (abs)        0F80
_PORTB                                       (abs)        0F81
_PORTBbits                                   (abs)        0F81
_PORTC                                       (abs)        0F82
_PORTD                                       (abs)        0F83
_PORTE                                       (abs)        0F84
_RB4_Flag                                    dataCOMRAM   0072
_RB4_ISR                                     text31       2A30
_RB4_InterruptHandler_HIGH                   bssCOMRAM    0049
_RB4_InterruptHandler_LOW                    bssCOMRAM    0047
_RB5_Flag                                    dataCOMRAM   0071
_RB5_ISR                                     text30       2A16
_RB5_InterruptHandler_HIGH                   bssCOMRAM    0045
_RB5_InterruptHandler_LOW                    bssCOMRAM    0043
_RB6_Flag                                    dataCOMRAM   0070
_RB6_ISR                                     text29       29FC
_RB6_InterruptHandler_HIGH                   bssCOMRAM    0041
_RB6_InterruptHandler_LOW                    bssCOMRAM    003F
_RB7_Flag                                    dataCOMRAM   006F
_RB7_ISR                                     text28       29E2
_RB7_InterruptHandler_HIGH                   bssCOMRAM    003D
_RB7_InterruptHandler_LOW                    bssCOMRAM    003B
_TRISA                                       (abs)        0F92
_TRISB                                       (abs)        0F93
_TRISC                                       (abs)        0F94
_TRISD                                       (abs)        0F95
_TRISE                                       (abs)        0F96
__HRAM                                       (abs)        0000
__H__absolute__                              __absolute__ 0000
__Habs1                                      abs1         0000
__Hbank0                                     bank0        0000
__Hbank1                                     bank1        0000
__Hbank10                                    bank10       0000
__Hbank11                                    bank11       0000
__Hbank12                                    bank12       0000
__Hbank13                                    bank13       0000
__Hbank14                                    bank14       0000
__Hbank15                                    bank15       0000
__Hbank2                                     bank2        0000
__Hbank3                                     bank3        0000
__Hbank4                                     bank4        0000
__Hbank5                                     bank5        0000
__Hbank6                                     bank6        0000
__Hbank7                                     bank7        0000
__Hbank8                                     bank8        0000
__Hbank9                                     bank9        0000
__Hbigbss                                    bigbss       0000
__Hbigdata                                   bigdata      0000
__Hbigram                                    bigram       0000
__Hbigsfr                                    bigsfr       0000
__Hbss                                       bss          0000
__HbssBANK0                                  bssBANK0     0000
__HbssCOMRAM                                 bssCOMRAM    0000
__Hcinit                                     cinit        0000
__Hclrtext                                   clrtext      0000
__Hcomram                                    comram       0000
__Hconfig                                    config       0000
__Hconst                                     const        0000
__HcstackBANK0                               cstackBANK0  0000
__HcstackCOMRAM                              cstackCOMRAM 0000
__Hdata                                      data         0000
__HdataBANK0                                 dataBANK0    0000
__HdataCOMRAM                                dataCOMRAM   0000
__Heeprom_data                               eeprom_data  0000
__Hfarbss                                    farbss       0000
__Hfardata                                   fardata      0000
__Hheap                                      heap         0000
__Hibigdata                                  ibigdata     0000
__Hidata                                     idata        0000
__HidataBANK0                                idataBANK0   0000
__HidataCOMRAM                               idataCOMRAM  0000
__Hidloc                                     idloc        0000
__Hifardata                                  ifardata     0000
__Hinit                                      init         0012
__Hintcode                                   intcode      000E
__Hintcode_body                              intcode_body 0000
__Hintcodelo                                 intcodelo    000E
__Hintentry                                  intentry     0000
__Hintret                                    intret       0000
__Hintsave_regs                              intsave_regs 0000
__Hirdata                                    irdata       0000
__Hmediumconst                               mediumconst  0000
__HnvBANK0                                   nvBANK0      0000
__HnvCOMRAM                                  nvCOMRAM     0000
__HnvFARRAM                                  nvFARRAM     0000
__Hnvbit                                     nvbit        0000
__Hnvrram                                    nvrram       0000
__Hparam                                     rparam       0000
__Hpowerup                                   powerup      000E
__Hram                                       ram          0000
__Hramtop                                    ramtop       1000
__Hrbit                                      rbit         0000
__Hrbss                                      rbss         0000
__Hrdata                                     rdata        0000
__Hreset_vec                                 reset_vec    0004
__Hrparam                                    rparam       0000
__Hsfr                                       sfr          0000
__Hsmallconst                                smallconst   1012
__Hspace_0                                   (abs)        2A5A
__Hspace_1                                   (abs)        00A9
__Hspace_2                                   (abs)        0000
__Hspace_4                                   (abs)        0000
__Hstack                                     stack        0000
__Hstruct                                    struct       0000
__Htemp                                      temp         007E
__Htext                                      text         0000
__Htext0                                     text0        0000
__Htext1                                     text1        0000
__Htext10                                    text10       0000
__Htext11                                    text11       0000
__Htext12                                    text12       0000
__Htext13                                    text13       0000
__Htext14                                    text14       0000
__Htext15                                    text15       0000
__Htext16                                    text16       0000
__Htext17                                    text17       0000
__Htext18                                    text18       0000
__Htext19                                    text19       0000
__Htext2                                     text2        0000
__Htext20                                    text20       0000
__Htext21                                    text21       0000
__Htext22                                    text22       0000
__Htext23                                    text23       0000
__Htext24                                    text24       0000
__Htext25                                    text25       0000
__Htext26                                    text26       0000
__Htext28                                    text28       0000
__Htext29                                    text29       0000
__Htext3                                     text3        0000
__Htext30                                    text30       0000
__Htext31                                    text31       0000
__Htext32                                    text32       0000
__Htext33                                    text33       0000
__Htext34                                    text34       0000
__Htext35                                    text35       0000
__Htext4                                     text4        0000
__Htext5                                     text5        0000
__Htext6                                     text6        0000
__Htext7                                     text7        0000
__Htext8                                     text8        0000
__Htext9                                     text9        0000
__LRAM                                       (abs)        0001
__L__absolute__                              __absolute__ 0000
__Labs1                                      abs1         0000
__Lbank0                                     bank0        0000
__Lbank1                                     bank1        0000
__Lbank10                                    bank10       0000
__Lbank11                                    bank11       0000
__Lbank12                                    bank12       0000
__Lbank13                                    bank13       0000
__Lbank14                                    bank14       0000
__Lbank15                                    bank15       0000
__Lbank2                                     bank2        0000
__Lbank3                                     bank3        0000
__Lbank4                                     bank4        0000
__Lbank5                                     bank5        0000
__Lbank6                                     bank6        0000
__Lbank7                                     bank7        0000
__Lbank8                                     bank8        0000
__Lbank9                                     bank9        0000
__Lbigbss                                    bigbss       0000
__Lbigdata                                   bigdata      0000
__Lbigram                                    bigram       0000
__Lbigsfr                                    bigsfr       0000
__Lbss                                       bss          0000
__LbssBANK0                                  bssBANK0     0000
__LbssCOMRAM                                 bssCOMRAM    0000
__Lcinit                                     cinit        0000
__Lclrtext                                   clrtext      0000
__Lcomram                                    comram       0000
__Lconfig                                    config       0000
__Lconst                                     const        0000
__LcstackBANK0                               cstackBANK0  0000
__LcstackCOMRAM                              cstackCOMRAM 0000
__Ldata                                      data         0000
__LdataBANK0                                 dataBANK0    0000
__LdataCOMRAM                                dataCOMRAM   0000
__Leeprom_data                               eeprom_data  0000
__Lfarbss                                    farbss       0000
__Lfardata                                   fardata      0000
__Lheap                                      heap         0000
__Libigdata                                  ibigdata     0000
__Lidata                                     idata        0000
__LidataBANK0                                idataBANK0   0000
__LidataCOMRAM                               idataCOMRAM  0000
__Lidloc                                     idloc        0000
__Lifardata                                  ifardata     0000
__Linit                                      init         000E
__Lintcode                                   intcode      0008
__Lintcode_body                              intcode_body 0000
__Lintcodelo                                 intcodelo    000E
__Lintentry                                  intentry     0000
__Lintret                                    intret       0000
__Lintsave_regs                              intsave_regs 0000
__Lirdata                                    irdata       0000
__Lmediumconst                               mediumconst  0000
__LnvBANK0                                   nvBANK0      0000
__LnvCOMRAM                                  nvCOMRAM     0000
__LnvFARRAM                                  nvFARRAM     0000
__Lnvbit                                     nvbit        0000
__Lnvrram                                    nvrram       0000
__Lparam                                     rparam       0000
__Lpowerup                                   powerup      000E
__Lram                                       ram          0000
__Lramtop                                    ramtop       1000
__Lrbit                                      rbit         0000
__Lrbss                                      rbss         0000
__Lrdata                                     rdata        0000
__Lreset_vec                                 reset_vec    0000
__Lrparam                                    rparam       0000
__Lsfr                                       sfr          0000
__Lsmallconst                                smallconst   1000
__Lspace_0                                   (abs)        0000
__Lspace_1                                   (abs)        0000
__Lspace_2                                   (abs)        0000
__Lspace_4                                   (abs)        0000
__Lstack                                     stack        0000
__Lstruct                                    struct       0000
__Ltemp                                      temp         007D
__Ltext                                      text         0000
__Ltext0                                     text0        0000
__Ltext1                                     text1        0000
__Ltext10                                    text10       0000
__Ltext11                                    text11       0000
__Ltext12                                    text12       0000
__Ltext13                                    text13       0000
__Ltext14                                    text14       0000
__Ltext15                                    text15       0000
__Ltext16                                    text16       0000
__Ltext17                                    text17       0000
__Ltext18                                    text18       0000
__Ltext19                                    text19       0000
__Ltext2                                     text2        0000
__Ltext20                                    text20       0000
__Ltext21                                    text21       0000
__Ltext22                                    text22       0000
__Ltext23                                    text23       0000
__Ltext24                                    text24       0000
__Ltext25                                    text25       0000
__Ltext26                                    text26       0000
__Ltext28                                    text28       0000
__Ltext29                                    text29       0000
__Ltext3                                     text3        0000
__Ltext30                                    text30       0000
__Ltext31                                    text31       0000
__Ltext32                                    text32       0000
__Ltext33                                    text33       0000
__Ltext34                                    text34       0000
__Ltext35                                    text35       0000
__Ltext4                                     text4        0000
__Ltext5                                     text5        0000
__Ltext6                                     text6        0000
__Ltext7                                     text7        0000
__Ltext8                                     text8        0000
__Ltext9                                     text9        0000
__S0                                         (abs)        2A5A
__S1                                         (abs)        00A9
__S4                                         (abs)        0000
__S5                                         (abs)        0000
___flmul                                     text18       1012
___flmul@a                                   cstackCOMRAM 0014
___flmul@aexp                                cstackCOMRAM 0021
___flmul@b                                   cstackCOMRAM 0010
___flmul@bexp                                cstackCOMRAM 0022
___flmul@grs                                 cstackCOMRAM 001D
___flmul@prod                                cstackCOMRAM 0023
___flmul@sign                                cstackCOMRAM 001C
___flmul@temp                                cstackCOMRAM 0027
___fltol                                     text17       1EA2
___fltol@exp1                                cstackBANK0  00A7
___fltol@f1                                  cstackCOMRAM 0029
___fltol@sign1                               cstackBANK0  00A6
___heap_hi                                   (abs)        0000
___heap_lo                                   (abs)        0000
___inthi_sp                                  stack        0000
___inthi_stack_hi                            stack        0000
___inthi_stack_lo                            stack        0000
___intlo_sp                                  stack        0000
___intlo_stack_hi                            stack        0000
___intlo_stack_lo                            stack        0000
___lwdiv                                     text16       2602
___lwdiv@counter                             cstackCOMRAM 0008
___lwdiv@dividend                            cstackCOMRAM 0002
___lwdiv@divisor                             cstackCOMRAM 0004
___lwdiv@quotient                            cstackCOMRAM 0006
___lwmod                                     text15       26E0
___lwmod@counter                             cstackCOMRAM 0006
___lwmod@dividend                            cstackCOMRAM 0002
___lwmod@divisor                             cstackCOMRAM 0004
___param_bank                                (abs)        0000
___rparam_used                               (abs)        0001
___sp                                        stack        0000
___stack_hi                                  stack        0000
___stack_lo                                  stack        0000
___xxtofl                                    text14       1932
___xxtofl@arg                                cstackCOMRAM 000C
___xxtofl@exp                                cstackCOMRAM 000B
___xxtofl@sign                               cstackCOMRAM 000A
___xxtofl@val                                cstackCOMRAM 0002
__accesstop                                  (abs)        0080
__activetblptr                               (abs)        0003
__end_of_ADC_GetConversionResult             text26       23BA
__end_of_ADC_GetConversion_Blocking          text22       2806
__end_of_ADC_ISR                             text35       2A5A
__end_of_ADC_Init                            text19       2516
__end_of_ADC_SelectChannel                   text24       2988
__end_of_ADC_StartConversion                 text23       29AA
__end_of_INT0_ISR                            text34       2A56
__end_of_INT1_ISR                            text33       2A52
__end_of_INT2_ISR                            text32       2A4E
__end_of_InterruptManager                    intcode_body 16E2
__end_of_RB4_ISR                             text31       2A4A
__end_of_RB5_ISR                             text30       2A30
__end_of_RB6_ISR                             text29       2A16
__end_of_RB7_ISR                             text28       29FC
__end_of___flmul                             text18       143C
__end_of___fltol                             text17       1FAA
__end_of___lwdiv                             text16       2676
__end_of___lwmod                             text15       2744
__end_of___xxtofl                            text14       1AE6
__end_of__initialization                     cinit        279C
__end_of_adc_Select_result_format            text21       28D6
__end_of_adc_input_channel_port_config       text25       216E
__end_of_adc_select_volt_ref                 text20       2896
__end_of_gpio_pin_direction_init             text13       1D92
__end_of_gpio_pin_write_logic                text12       1EA2
__end_of_lcd_8bit_init                       text9        1932
__end_of_lcd_8bit_send_char_data             text8        258C
__end_of_lcd_8bit_send_char_data_pos         text6        2950
__end_of_lcd_8bit_send_command               text10       2602
__end_of_lcd_8bit_send_enable                text11       2914
__end_of_lcd_8bit_send_string                text5        26E0
__end_of_lcd_8bit_send_string_pos            text4        2850
__end_of_lcd_8bit_set_cursor                 text7        246A
__end_of_main                                text0        1C6C
__end_of_motor_init                          text3        2096
__end_of_motor_move_right                    text2        2302
__end_of_motor_stop                          text1        2238
__initialization                             cinit        2744
__mediumconst                                mediumconst  0000
__pbssBANK0                                  bssBANK0     009B
__pbssCOMRAM                                 bssCOMRAM    0031
__pcinit                                     cinit        2744
__pcstackBANK0                               cstackBANK0  00A6
__pcstackCOMRAM                              cstackCOMRAM 0001
__pdataBANK0                                 dataBANK0    0080
__pdataCOMRAM                                dataCOMRAM   005B
__pidataBANK0                                idataBANK0   29C6
__pidataCOMRAM                               idataCOMRAM  29AA
__pintcode                                   intcode      0008
__pintcode_body                              intcode_body 143C
__pnvBANK0                                   nvBANK0      00A8
__pnvCOMRAM                                  nvCOMRAM     0077
__psmallconst                                smallconst   1000
__ptext0                                     text0        1AE6
__ptext1                                     text1        216E
__ptext10                                    text10       258C
__ptext11                                    text11       28D6
__ptext12                                    text12       1D92
__ptext13                                    text13       1C6C
__ptext14                                    text14       1932
__ptext15                                    text15       26E0
__ptext16                                    text16       2602
__ptext17                                    text17       1EA2
__ptext18                                    text18       1012
__ptext19                                    text19       246A
__ptext2                                     text2        2238
__ptext20                                    text20       2850
__ptext21                                    text21       2896
__ptext22                                    text22       27A6
__ptext23                                    text23       2988
__ptext24                                    text24       2950
__ptext25                                    text25       2096
__ptext26                                    text26       2302
__ptext28                                    text28       29E2
__ptext29                                    text29       29FC
__ptext3                                     text3        1FAA
__ptext30                                    text30       2A16
__ptext31                                    text31       2A30
__ptext32                                    text32       2A4A
__ptext33                                    text33       2A4E
__ptext34                                    text34       2A52
__ptext35                                    text35       2A56
__ptext4                                     text4        2806
__ptext5                                     text5        2676
__ptext6                                     text6        2914
__ptext7                                     text7        23BA
__ptext8                                     text8        2516
__ptext9                                     text9        16E2
__ramtop                                     ramtop       1000
__smallconst                                 smallconst   1000
_adc_1                                       dataBANK0    0094
_adc_Select_result_format                    text21       2896
_adc_input_channel_port_config               text25       2096
_adc_select_volt_ref                         text20       2850
_adc_temp                                    nvCOMRAM     007B
_gpio_pin_direction_init                     text13       1C6C
_gpio_pin_write_logic                        text12       1D92
_lat_reg                                     dataCOMRAM   005B
_lcd_8bit_init                               text9        16E2
_lcd_8bit_send_char_data                     text8        2516
_lcd_8bit_send_char_data_pos                 text6        2914
_lcd_8bit_send_command                       text10       258C
_lcd_8bit_send_enable                        text11       28D6
_lcd_8bit_send_string                        text5        2676
_lcd_8bit_send_string_pos                    text4        2806
_lcd_8bit_set_cursor                         text7        23BA
_lcd_obj                                     dataBANK0    008A
_lcd_temp1                                   nvCOMRAM     0079
_lcd_temp2                                   nvCOMRAM     0077
_main                                        text0        1AE6
_motor_init                                  text3        1FAA
_motor_move_right                            text2        2238
_motor_stop                                  text1        216E
_port_reg                                    dataBANK0    0080
_ret                                         nvBANK0      00A8
_tris_reg                                    dataCOMRAM   0065
adc_Select_result_format@adc                 cstackCOMRAM 0002
adc_input_channel_port_config@channel        cstackCOMRAM 0004
adc_select_volt_ref@adc                      cstackCOMRAM 0002
btemp                                        temp         007D
end_of_initialization                        cinit        279C
gpio_pin_direction_init@_pin_config          cstackCOMRAM 0002
gpio_pin_direction_init@ret                  cstackCOMRAM 0008
gpio_pin_write_logic@_pin_config             cstackCOMRAM 0002
gpio_pin_write_logic@logic                   cstackCOMRAM 0003
gpio_pin_write_logic@ret                     cstackCOMRAM 0009
int$flags                                    temp         007D
int_func                                     intcode_body 143C
intlevel0                                    text         0000
intlevel1                                    text         0000
intlevel2                                    text         0000
intlevel3                                    text         0000
isa$std                                      (abs)        0001
isa$xinst                                    (abs)        0000
lcd_8bit_init@lcd                            cstackCOMRAM 0012
lcd_8bit_init@ret                            cstackCOMRAM 0014
lcd_8bit_send_char_data@count                cstackCOMRAM 0011
lcd_8bit_send_char_data@data                 cstackCOMRAM 000D
lcd_8bit_send_char_data@lcd                  cstackCOMRAM 000C
lcd_8bit_send_char_data@ret                  cstackCOMRAM 0010
lcd_8bit_send_char_data_pos@col              cstackCOMRAM 001A
lcd_8bit_send_char_data_pos@data             cstackCOMRAM 001B
lcd_8bit_send_char_data_pos@lcd              cstackCOMRAM 0018
lcd_8bit_send_char_data_pos@ret              cstackCOMRAM 001C
lcd_8bit_send_char_data_pos@row              cstackCOMRAM 0019
lcd_8bit_send_command@command                cstackCOMRAM 000D
lcd_8bit_send_command@count                  cstackCOMRAM 0011
lcd_8bit_send_command@lcd                    cstackCOMRAM 000C
lcd_8bit_send_command@ret                    cstackCOMRAM 0010
lcd_8bit_send_enable@lcd                     cstackCOMRAM 000A
lcd_8bit_send_enable@ret                     cstackCOMRAM 000B
lcd_8bit_send_string@lcd                     cstackCOMRAM 0012
lcd_8bit_send_string@ret                     cstackCOMRAM 0014
lcd_8bit_send_string@str                     cstackCOMRAM 0013
lcd_8bit_send_string_pos@col                 cstackCOMRAM 001A
lcd_8bit_send_string_pos@lcd                 cstackCOMRAM 0018
lcd_8bit_send_string_pos@ret                 cstackCOMRAM 001C
lcd_8bit_send_string_pos@row                 cstackCOMRAM 0019
lcd_8bit_send_string_pos@str                 cstackCOMRAM 001B
lcd_8bit_set_cursor@column                   cstackCOMRAM 0014
lcd_8bit_set_cursor@lcd                      cstackCOMRAM 0012
lcd_8bit_set_cursor@ret                      cstackCOMRAM 0017
lcd_8bit_set_cursor@row                      cstackCOMRAM 0013
motor_init@F3064                             bssCOMRAM    005A
motor_init@F3066                             bssCOMRAM    0059
motor_init@motor                             cstackCOMRAM 000A
motor_init@obj1                              cstackCOMRAM 000D
motor_init@obj2                              cstackCOMRAM 000E
motor_init@ret                               cstackCOMRAM 000C
motor_move_left@F3078                        bssCOMRAM    0056
motor_move_left@F3080                        bssCOMRAM    0055
motor_move_right@F3071                       bssCOMRAM    0058
motor_move_right@F3073                       bssCOMRAM    0057
motor_move_right@motor                       cstackCOMRAM 000A
motor_move_right@obj1                        cstackCOMRAM 000C
motor_move_right@obj2                        cstackCOMRAM 000D
motor_stop@F3085                             bssCOMRAM    0054
motor_stop@F3087                             bssCOMRAM    0053
motor_stop@motor                             cstackCOMRAM 000A
motor_stop@obj1                              cstackCOMRAM 000C
motor_stop@obj2                              cstackCOMRAM 000D
stackhi                                      (abs)        0000
stacklo                                      (abs)        0000
start                                        init         000E
start_initialization                         cinit        2744
ttemp5                                       temp         007E
ttemp6                                       temp         0081
ttemp7                                       temp         0085
wtemp8                                       temp         007E


MODULE INFORMATION

Module		Function		Class		Link	Load	Size
MCAL_layer/Interrupt/mcal_interrupt_manager.c
		_InterruptManager		CODE           	0008	0000	684

MCAL_layer/Interrupt/mcal_interrupt_manager.c estimated size: 684

MCAL_layer/Interrupt/mcal_external_interrupt.c
		_RB4_ISR       		CODE           	2A30	0000	26
		_RB5_ISR       		CODE           	2A16	0000	26
		_RB6_ISR       		CODE           	29FC	0000	26
		_RB7_ISR       		CODE           	29E2	0000	26
		_INT0_ISR      		CODE           	2A52	0000	4
		_INT1_ISR      		CODE           	2A4E	0000	4
		_INT2_ISR      		CODE           	2A4A	0000	4

MCAL_layer/Interrupt/mcal_external_interrupt.c estimated size: 116

MCAL_layer/GPIO/hal_gpio.c
		_gpio_pin_write_logic		CODE           	1D92	0000	272
		_gpio_pin_direction_init		CODE           	1C6C	0000	294

MCAL_layer/GPIO/hal_gpio.c estimated size: 566

ECU_layer/LCD/ecu_lcd.c
		_lcd_8bit_send_enable		CODE           	28D6	0000	62
		_lcd_8bit_send_char_data_pos		CODE           	2914	0000	60
		_lcd_8bit_set_cursor		CODE           	23BA	0000	176
		_lcd_8bit_init 		CODE           	16E2	0000	592
		_lcd_8bit_send_string		CODE           	2676	0000	106
		_lcd_8bit_send_command		CODE           	258C	0000	118
		_lcd_8bit_send_string_pos		CODE           	2806	0000	74
		_lcd_8bit_send_char_data		CODE           	2516	0000	118

ECU_layer/LCD/ecu_lcd.c estimated size: 1306

C:\Program Files\Microchip\xc8\v2.45\pic\sources\c99\common\sprcmul.c
		___flmul       		CODE           	1012	0000	1066

C:\Program Files\Microchip\xc8\v2.45\pic\sources\c99\common\sprcmul.c estimated size: 1066

ECU_layer/MOTOR/ecu_motor.c
		_motor_stop    		CODE           	216E	0000	202
		_motor_move_right		CODE           	2238	0000	202
		_motor_init    		CODE           	1FAA	0000	236

ECU_layer/MOTOR/ecu_motor.c estimated size: 640

C:\Program Files\Microchip\xc8\v2.45\pic\sources\c99\common\lwmod.c
		___lwmod       		CODE           	26E0	0000	100

C:\Program Files\Microchip\xc8\v2.45\pic\sources\c99\common\lwmod.c estimated size: 100

MCAL_layer/ADC/hal_adc.c
		_adc_Select_result_format		CODE           	2896	0000	64
		_adc_input_channel_port_config		CODE           	2096	0000	216
		_ADC_GetConversion_Blocking		CODE           	27A6	0000	96
		_adc_select_volt_ref		CODE           	2850	0000	70
		_ADC_GetConversionResult		CODE           	2302	0000	184
		_ADC_StartConversion		CODE           	2988	0000	34
		_ADC_ISR       		CODE           	2A56	0000	4
		_ADC_SelectChannel		CODE           	2950	0000	56
		_ADC_Init      		CODE           	246A	0000	172

MCAL_layer/ADC/hal_adc.c estimated size: 896

shared
		__initialization		CODE           	2744	0000	88

shared estimated size: 88

C:\Program Files\Microchip\xc8\v2.45\pic\sources\c99\common\xxtofl.c
		___xxtofl      		CODE           	1932	0000	436

C:\Program Files\Microchip\xc8\v2.45\pic\sources\c99\common\xxtofl.c estimated size: 436

application.c
		_main          		CODE           	1AE6	0000	390

application.c estimated size: 390

C:\Program Files\Microchip\xc8\v2.45\pic\sources\c99\common\lwdiv.c
		___lwdiv       		CODE           	2602	0000	116

C:\Program Files\Microchip\xc8\v2.45\pic\sources\c99\common\lwdiv.c estimated size: 116

C:\Program Files\Microchip\xc8\v2.45\pic\sources\c99\common\fltol.c
		___fltol       		CODE           	1EA2	0000	264

C:\Program Files\Microchip\xc8\v2.45\pic\sources\c99\common\fltol.c estimated size: 264

